C51 COMPILER V9.59.0.0   LOOKUP_TABLE                                                      08/28/2019 20:33:01 PAGE 1   


C51 COMPILER V9.59.0.0, COMPILATION OF MODULE LOOKUP_TABLE
OBJECT MODULE PLACED IN .\Objects\lookup_table.obj
COMPILER INVOKED BY: C:\keil_uv5\C51\BIN\C51.EXE lookup_table.c OPTIMIZE(8,SPEED) BROWSE DEBUG OBJECTEXTEND PRINT(.\List
                    -ings\lookup_table.lst) TABS(2) OBJECT(.\Objects\lookup_table.obj)

line level    source

   1          //                0xFF means all high
   2          code unsigned char table[] =
   3          {
   4              0xFF,0xFF,0xFF,0xFF,0xFF,0xFF,0xFF,0xFF,0xFF,0xFF,0xFF,0xFF,0xFF,0xFF,0xFF,0xFF,//0x00~0x0F
   5              0xFF,0xFF,0xFF,0xFF,0xFF,0xFF,0xFF,0xFF,0xFF,0xFF,0xFF,0xFF,0xFF,0xFF,0xFF,0xFF,//0x10~0x1F
   6              0xFF,0xFF,0xFF,0xFF,0xFF,0xFF,0xFF,0xFF,0xFF,0xFF,0xFF,0xFF,0xFF,0xBF,0xFF,0xFF,//0x20~0x2F
   7              //0   1   2     3   4     5   6     7   8     9
   8              0xC0,0XF9,0XA4,0XB0,0X99,0X92,0X82,0XF8,0X80,0X90,0xFF,0xFF,0xFF,0xBF,0xFF,0xFF,//0x30~0x3F
   9              //    A   B
  10              0x00,0x88,0x83,0xC6,0xA1,0x86,0x8E,0xC2,0x89,0xFB,0xD1,0x85,0xC7,0xAA,0xAB,0xA3,//0x40~0x4F
  11              0x8C,0x98,0xAF,0x92,0x87,0xC1,0xE2,0x95,0xC9,0x91,0xE4,0xFF,0xFF,0xBF,0xFF,0xFF,//0x50~0x5F
  12              //    A   B
  13              0x00,0x88,0x83,0xC6,0xA1,0x86,0x8E,0xC2,0x89,0xFB,0xD1,0x85,0xC7,0xAA,0xAB,0xA3,//0x60~0x6F
  14              0x8C,0x98,0xAF,0x92,0x87,0xC1,0xE2,0x95,0xC9,0x91,0xE4,0xFF,0xFF,0xBF,0xFF,0xFF,//0x70~0x7F
  15            };
  16          
  17          /*
  18          ;  H   E    L   L    O
  19          DB 0a2h,89h,0adh,0adh,84h
  20          digits:
  21          ; 0 1  2  3 4 5  6  7 8 9
  22          DB 84h,0f8h,0c4h,0d0h,0a6h,0c8h,88h,0d6h,80h,0c2h
  23          transistor:
  24          ; T1  T2  T3  T4  T5  T6
  25          DB 0dfh,0efh,0f7h,0fbh,0fdh,7fh
  26          ;port3 is irregular
  27          ;STEP1 P3 || 0xbe ;STEP2  P3 && TRANSISTOR+offset
  28          */


MODULE INFORMATION:   STATIC OVERLAYABLE
   CODE SIZE        =   ----    ----
   CONSTANT SIZE    =    128    ----
   XDATA SIZE       =   ----    ----
   PDATA SIZE       =   ----    ----
   DATA SIZE        =   ----    ----
   IDATA SIZE       =   ----    ----
   BIT SIZE         =   ----    ----
END OF MODULE INFORMATION.


C51 COMPILATION COMPLETE.  0 WARNING(S),  0 ERROR(S)
